// Jest Snapshot v1, https://goo.gl/fbAQLP

exports[`CLI dynamic config works: response 1`] = `
{
  "headers": [
    "access-control-allow-headers: *",
    "access-control-allow-methods: OPTIONS,POST,GET",
    "access-control-allow-origin: *",
    "connection: close",
    "content-length: 239",
    "content-type: text/html; charset=utf-8",
    "x-powered-by: Express",
  ],
  "status": 200,
  "text": "<!DOCTYPE html>
<html>
    <head>
        <title>Pseudo IAM login page</title>
    </head>
    <body>
        <h1>Welcome to Pseudo login page</h1>
        <a href="/?state=fooBar&code=cb485bf">click here to log in</a>
    </body>
</html>
",
}
`;

exports[`CLI dynamic config works: session-details 1`] = `
{
  "headers": [
    "connection: close",
    "content-length: 15",
    "content-type: application/json; charset=utf-8",
    "x-powered-by: Express",
  ],
  "status": 200,
  "text": "{"requests":[]}",
}
`;

exports[`CLI static config works: response 1`] = `
{
  "headers": [
    "access-control-allow-headers: *",
    "access-control-allow-methods: OPTIONS,POST,GET",
    "access-control-allow-origin: *",
    "connection: close",
    "content-length: 239",
    "content-type: text/html; charset=utf-8",
    "x-powered-by: Express",
  ],
  "status": 200,
  "text": "<!DOCTYPE html>
<html>
    <head>
        <title>Pseudo IAM login page</title>
    </head>
    <body>
        <h1>Welcome to Pseudo login page</h1>
        <a href="/?state=fooBar&code=cb485bf">click here to log in</a>
    </body>
</html>
",
}
`;

exports[`CLI static config works: session-details 1`] = `
{
  "headers": [
    "connection: close",
    "content-length: 15",
    "content-type: application/json; charset=utf-8",
    "x-powered-by: Express",
  ],
  "status": 200,
  "text": "{"requests":[]}",
}
`;
